// Jest Snapshot v1, https://goo.gl/fbAQLP

exports[`tests for <ActivityButton /> should match SnapShot 1`] = `
ShallowWrapper {
  "length": 1,
  Symbol(enzyme.__root__): [Circular],
  Symbol(enzyme.__unrendered__): <ActivityButton
    ariaLabel="test"
    className=""
    disabled={false}
    large={false}
    onClick={null}
    type="chat"
  />,
  Symbol(enzyme.__renderer__): Object {
    "batchedUpdates": [Function],
    "getNode": [Function],
    "render": [Function],
    "simulateEvent": [Function],
    "unmount": [Function],
  },
  Symbol(enzyme.__node__): Object {
    "instance": null,
    "key": undefined,
    "nodeType": "class",
    "props": Object {
      "active": false,
      "ariaLabel": "test",
      "ariaLabelledBy": "",
      "children": <Icon
        ariaLabel={null}
        buttonClassName=""
        className=""
        color=""
        description=""
        isAria={true}
        name="chat_28"
        onClick={null}
        size={null}
        title=""
        type=""
      />,
      "circle": true,
      "className": "cui-activity cui-activity__chat",
      "color": "",
      "containerLarge": false,
      "disabled": false,
      "expand": false,
      "href": "",
      "index": null,
      "label": "",
      "large": false,
      "loading": false,
      "onClick": null,
      "removeStyle": false,
      "size": 68,
      "style": Object {},
      "tag": "button",
      "type": "button",
    },
    "ref": null,
    "rendered": Object {
      "instance": null,
      "key": undefined,
      "nodeType": "class",
      "props": Object {
        "ariaLabel": null,
        "buttonClassName": "",
        "className": "",
        "color": "",
        "description": "",
        "isAria": true,
        "name": "chat_28",
        "onClick": null,
        "size": null,
        "title": "",
        "type": "",
      },
      "ref": null,
      "rendered": null,
      "type": [Function],
    },
    "type": [Function],
  },
  Symbol(enzyme.__nodes__): Array [
    Object {
      "instance": null,
      "key": undefined,
      "nodeType": "class",
      "props": Object {
        "active": false,
        "ariaLabel": "test",
        "ariaLabelledBy": "",
        "children": <Icon
          ariaLabel={null}
          buttonClassName=""
          className=""
          color=""
          description=""
          isAria={true}
          name="chat_28"
          onClick={null}
          size={null}
          title=""
          type=""
        />,
        "circle": true,
        "className": "cui-activity cui-activity__chat",
        "color": "",
        "containerLarge": false,
        "disabled": false,
        "expand": false,
        "href": "",
        "index": null,
        "label": "",
        "large": false,
        "loading": false,
        "onClick": null,
        "removeStyle": false,
        "size": 68,
        "style": Object {},
        "tag": "button",
        "type": "button",
      },
      "ref": null,
      "rendered": Object {
        "instance": null,
        "key": undefined,
        "nodeType": "class",
        "props": Object {
          "ariaLabel": null,
          "buttonClassName": "",
          "className": "",
          "color": "",
          "description": "",
          "isAria": true,
          "name": "chat_28",
          "onClick": null,
          "size": null,
          "title": "",
          "type": "",
        },
        "ref": null,
        "rendered": null,
        "type": [Function],
      },
      "type": [Function],
    },
  ],
  Symbol(enzyme.__options__): Object {
    "adapter": ReactFifteenAdapter {
      "options": Object {
        "lifecycles": Object {
          "componentDidUpdate": Object {
            "prevContext": true,
          },
        },
        "supportPrevContextArgumentOfComponentDidUpdate": true,
      },
    },
  },
}
`;
