// Jest Snapshot v1, https://goo.gl/fbAQLP

exports[`tests for <AlertMeeting /> should match SnapShot 1`] = `
ShallowWrapper {
  "length": 1,
  Symbol(enzyme.__root__): [Circular],
  Symbol(enzyme.__unrendered__): <AlertMeeting
    attendees={
      Array [
        Object {
          "title": "J $",
        },
      ]
    }
    avatar={null}
    closeAriaLabel="close"
    message=""
    onClick={null}
    onHide={null}
    onSnooze={[Function]}
    remindAriaLabel="snooze"
    show={true}
    status=""
    title=""
  />,
  Symbol(enzyme.__renderer__): Object {
    "batchedUpdates": [Function],
    "getNode": [Function],
    "render": [Function],
    "simulateEvent": [Function],
    "unmount": [Function],
  },
  Symbol(enzyme.__node__): Object {
    "instance": null,
    "key": undefined,
    "nodeType": "host",
    "props": Object {
      "children": Array [
        <Avatar
          alt=""
          backgroundColor=""
          buttonClassName=""
          className={null}
          color=""
          failureBadge={false}
          hideDefaultTooltip={false}
          icon={null}
          isOverview={false}
          onClick={null}
          size="medium"
          src={null}
          title="J $"
          type=""
        />,
        <div
          className="cui-alert__content"
        >
          <div
            className="cui-alert__title"
            title=""
          >
            
          </div>
          <div
            className="cui-alert__status"
          >
            
          </div>
          <div
            className="cui-alert__message"
            title=""
          >
            
          </div>
        </div>,
        <div
          className="cui-alert__button"
        >
          <Button
            active={false}
            ariaLabel="snooze"
            ariaLabelledBy=""
            circle={true}
            className=""
            color=""
            containerLarge={false}
            disabled={false}
            expand={false}
            href=""
            index={null}
            label=""
            large={false}
            loading={false}
            onClick={[Function]}
            removeStyle={false}
            size={44}
            style={Object {}}
            tag="button"
            type="button"
          >
            <Icon
              ariaLabel={null}
              buttonClassName=""
              className=""
              color=""
              description=""
              isAria={true}
              name="alarm_16"
              onClick={null}
              size={null}
              title=""
              type=""
            />
          </Button>
        </div>,
        <div
          className="cui-alert__button"
        >
          <Button
            active={false}
            ariaLabel="close"
            ariaLabelledBy=""
            circle={true}
            className=""
            color=""
            containerLarge={false}
            disabled={false}
            expand={false}
            href=""
            index={null}
            label=""
            large={false}
            loading={false}
            onClick={null}
            removeStyle={false}
            size={44}
            style={Object {}}
            tag="button"
            type="button"
          >
            <Icon
              ariaLabel={null}
              buttonClassName=""
              className=""
              color=""
              description=""
              isAria={true}
              name="cancel_16"
              onClick={null}
              size={null}
              title=""
              type=""
            />
          </Button>
        </div>,
      ],
      "className": "cui-alert cui-alert--meeting",
    },
    "ref": null,
    "rendered": Array [
      Object {
        "instance": null,
        "key": undefined,
        "nodeType": "class",
        "props": Object {
          "alt": "",
          "backgroundColor": "",
          "buttonClassName": "",
          "className": null,
          "color": "",
          "failureBadge": false,
          "hideDefaultTooltip": false,
          "icon": null,
          "isOverview": false,
          "onClick": null,
          "size": "medium",
          "src": null,
          "title": "J $",
          "type": "",
        },
        "ref": null,
        "rendered": null,
        "type": [Function],
      },
      Object {
        "instance": null,
        "key": undefined,
        "nodeType": "host",
        "props": Object {
          "children": Array [
            <div
              className="cui-alert__title"
              title=""
            >
              
            </div>,
            <div
              className="cui-alert__status"
            >
              
            </div>,
            <div
              className="cui-alert__message"
              title=""
            >
              
            </div>,
          ],
          "className": "cui-alert__content",
        },
        "ref": null,
        "rendered": Array [
          Object {
            "instance": null,
            "key": undefined,
            "nodeType": "host",
            "props": Object {
              "children": "",
              "className": "cui-alert__title",
              "title": "",
            },
            "ref": null,
            "rendered": "",
            "type": "div",
          },
          Object {
            "instance": null,
            "key": undefined,
            "nodeType": "host",
            "props": Object {
              "children": "",
              "className": "cui-alert__status",
            },
            "ref": null,
            "rendered": "",
            "type": "div",
          },
          Object {
            "instance": null,
            "key": undefined,
            "nodeType": "host",
            "props": Object {
              "children": "",
              "className": "cui-alert__message",
              "title": "",
            },
            "ref": null,
            "rendered": "",
            "type": "div",
          },
        ],
        "type": "div",
      },
      Object {
        "instance": null,
        "key": undefined,
        "nodeType": "host",
        "props": Object {
          "children": <Button
            active={false}
            ariaLabel="snooze"
            ariaLabelledBy=""
            circle={true}
            className=""
            color=""
            containerLarge={false}
            disabled={false}
            expand={false}
            href=""
            index={null}
            label=""
            large={false}
            loading={false}
            onClick={[Function]}
            removeStyle={false}
            size={44}
            style={Object {}}
            tag="button"
            type="button"
          >
            <Icon
              ariaLabel={null}
              buttonClassName=""
              className=""
              color=""
              description=""
              isAria={true}
              name="alarm_16"
              onClick={null}
              size={null}
              title=""
              type=""
            />
          </Button>,
          "className": "cui-alert__button",
        },
        "ref": null,
        "rendered": Object {
          "instance": null,
          "key": undefined,
          "nodeType": "class",
          "props": Object {
            "active": false,
            "ariaLabel": "snooze",
            "ariaLabelledBy": "",
            "children": <Icon
              ariaLabel={null}
              buttonClassName=""
              className=""
              color=""
              description=""
              isAria={true}
              name="alarm_16"
              onClick={null}
              size={null}
              title=""
              type=""
            />,
            "circle": true,
            "className": "",
            "color": "",
            "containerLarge": false,
            "disabled": false,
            "expand": false,
            "href": "",
            "index": null,
            "label": "",
            "large": false,
            "loading": false,
            "onClick": [Function],
            "removeStyle": false,
            "size": 44,
            "style": Object {},
            "tag": "button",
            "type": "button",
          },
          "ref": null,
          "rendered": Object {
            "instance": null,
            "key": undefined,
            "nodeType": "class",
            "props": Object {
              "ariaLabel": null,
              "buttonClassName": "",
              "className": "",
              "color": "",
              "description": "",
              "isAria": true,
              "name": "alarm_16",
              "onClick": null,
              "size": null,
              "title": "",
              "type": "",
            },
            "ref": null,
            "rendered": null,
            "type": [Function],
          },
          "type": [Function],
        },
        "type": "div",
      },
      Object {
        "instance": null,
        "key": undefined,
        "nodeType": "host",
        "props": Object {
          "children": <Button
            active={false}
            ariaLabel="close"
            ariaLabelledBy=""
            circle={true}
            className=""
            color=""
            containerLarge={false}
            disabled={false}
            expand={false}
            href=""
            index={null}
            label=""
            large={false}
            loading={false}
            onClick={null}
            removeStyle={false}
            size={44}
            style={Object {}}
            tag="button"
            type="button"
          >
            <Icon
              ariaLabel={null}
              buttonClassName=""
              className=""
              color=""
              description=""
              isAria={true}
              name="cancel_16"
              onClick={null}
              size={null}
              title=""
              type=""
            />
          </Button>,
          "className": "cui-alert__button",
        },
        "ref": null,
        "rendered": Object {
          "instance": null,
          "key": undefined,
          "nodeType": "class",
          "props": Object {
            "active": false,
            "ariaLabel": "close",
            "ariaLabelledBy": "",
            "children": <Icon
              ariaLabel={null}
              buttonClassName=""
              className=""
              color=""
              description=""
              isAria={true}
              name="cancel_16"
              onClick={null}
              size={null}
              title=""
              type=""
            />,
            "circle": true,
            "className": "",
            "color": "",
            "containerLarge": false,
            "disabled": false,
            "expand": false,
            "href": "",
            "index": null,
            "label": "",
            "large": false,
            "loading": false,
            "onClick": null,
            "removeStyle": false,
            "size": 44,
            "style": Object {},
            "tag": "button",
            "type": "button",
          },
          "ref": null,
          "rendered": Object {
            "instance": null,
            "key": undefined,
            "nodeType": "class",
            "props": Object {
              "ariaLabel": null,
              "buttonClassName": "",
              "className": "",
              "color": "",
              "description": "",
              "isAria": true,
              "name": "cancel_16",
              "onClick": null,
              "size": null,
              "title": "",
              "type": "",
            },
            "ref": null,
            "rendered": null,
            "type": [Function],
          },
          "type": [Function],
        },
        "type": "div",
      },
    ],
    "type": "div",
  },
  Symbol(enzyme.__nodes__): Array [
    Object {
      "instance": null,
      "key": undefined,
      "nodeType": "host",
      "props": Object {
        "children": Array [
          <Avatar
            alt=""
            backgroundColor=""
            buttonClassName=""
            className={null}
            color=""
            failureBadge={false}
            hideDefaultTooltip={false}
            icon={null}
            isOverview={false}
            onClick={null}
            size="medium"
            src={null}
            title="J $"
            type=""
          />,
          <div
            className="cui-alert__content"
          >
            <div
              className="cui-alert__title"
              title=""
            >
              
            </div>
            <div
              className="cui-alert__status"
            >
              
            </div>
            <div
              className="cui-alert__message"
              title=""
            >
              
            </div>
          </div>,
          <div
            className="cui-alert__button"
          >
            <Button
              active={false}
              ariaLabel="snooze"
              ariaLabelledBy=""
              circle={true}
              className=""
              color=""
              containerLarge={false}
              disabled={false}
              expand={false}
              href=""
              index={null}
              label=""
              large={false}
              loading={false}
              onClick={[Function]}
              removeStyle={false}
              size={44}
              style={Object {}}
              tag="button"
              type="button"
            >
              <Icon
                ariaLabel={null}
                buttonClassName=""
                className=""
                color=""
                description=""
                isAria={true}
                name="alarm_16"
                onClick={null}
                size={null}
                title=""
                type=""
              />
            </Button>
          </div>,
          <div
            className="cui-alert__button"
          >
            <Button
              active={false}
              ariaLabel="close"
              ariaLabelledBy=""
              circle={true}
              className=""
              color=""
              containerLarge={false}
              disabled={false}
              expand={false}
              href=""
              index={null}
              label=""
              large={false}
              loading={false}
              onClick={null}
              removeStyle={false}
              size={44}
              style={Object {}}
              tag="button"
              type="button"
            >
              <Icon
                ariaLabel={null}
                buttonClassName=""
                className=""
                color=""
                description=""
                isAria={true}
                name="cancel_16"
                onClick={null}
                size={null}
                title=""
                type=""
              />
            </Button>
          </div>,
        ],
        "className": "cui-alert cui-alert--meeting",
      },
      "ref": null,
      "rendered": Array [
        Object {
          "instance": null,
          "key": undefined,
          "nodeType": "class",
          "props": Object {
            "alt": "",
            "backgroundColor": "",
            "buttonClassName": "",
            "className": null,
            "color": "",
            "failureBadge": false,
            "hideDefaultTooltip": false,
            "icon": null,
            "isOverview": false,
            "onClick": null,
            "size": "medium",
            "src": null,
            "title": "J $",
            "type": "",
          },
          "ref": null,
          "rendered": null,
          "type": [Function],
        },
        Object {
          "instance": null,
          "key": undefined,
          "nodeType": "host",
          "props": Object {
            "children": Array [
              <div
                className="cui-alert__title"
                title=""
              >
                
              </div>,
              <div
                className="cui-alert__status"
              >
                
              </div>,
              <div
                className="cui-alert__message"
                title=""
              >
                
              </div>,
            ],
            "className": "cui-alert__content",
          },
          "ref": null,
          "rendered": Array [
            Object {
              "instance": null,
              "key": undefined,
              "nodeType": "host",
              "props": Object {
                "children": "",
                "className": "cui-alert__title",
                "title": "",
              },
              "ref": null,
              "rendered": "",
              "type": "div",
            },
            Object {
              "instance": null,
              "key": undefined,
              "nodeType": "host",
              "props": Object {
                "children": "",
                "className": "cui-alert__status",
              },
              "ref": null,
              "rendered": "",
              "type": "div",
            },
            Object {
              "instance": null,
              "key": undefined,
              "nodeType": "host",
              "props": Object {
                "children": "",
                "className": "cui-alert__message",
                "title": "",
              },
              "ref": null,
              "rendered": "",
              "type": "div",
            },
          ],
          "type": "div",
        },
        Object {
          "instance": null,
          "key": undefined,
          "nodeType": "host",
          "props": Object {
            "children": <Button
              active={false}
              ariaLabel="snooze"
              ariaLabelledBy=""
              circle={true}
              className=""
              color=""
              containerLarge={false}
              disabled={false}
              expand={false}
              href=""
              index={null}
              label=""
              large={false}
              loading={false}
              onClick={[Function]}
              removeStyle={false}
              size={44}
              style={Object {}}
              tag="button"
              type="button"
            >
              <Icon
                ariaLabel={null}
                buttonClassName=""
                className=""
                color=""
                description=""
                isAria={true}
                name="alarm_16"
                onClick={null}
                size={null}
                title=""
                type=""
              />
            </Button>,
            "className": "cui-alert__button",
          },
          "ref": null,
          "rendered": Object {
            "instance": null,
            "key": undefined,
            "nodeType": "class",
            "props": Object {
              "active": false,
              "ariaLabel": "snooze",
              "ariaLabelledBy": "",
              "children": <Icon
                ariaLabel={null}
                buttonClassName=""
                className=""
                color=""
                description=""
                isAria={true}
                name="alarm_16"
                onClick={null}
                size={null}
                title=""
                type=""
              />,
              "circle": true,
              "className": "",
              "color": "",
              "containerLarge": false,
              "disabled": false,
              "expand": false,
              "href": "",
              "index": null,
              "label": "",
              "large": false,
              "loading": false,
              "onClick": [Function],
              "removeStyle": false,
              "size": 44,
              "style": Object {},
              "tag": "button",
              "type": "button",
            },
            "ref": null,
            "rendered": Object {
              "instance": null,
              "key": undefined,
              "nodeType": "class",
              "props": Object {
                "ariaLabel": null,
                "buttonClassName": "",
                "className": "",
                "color": "",
                "description": "",
                "isAria": true,
                "name": "alarm_16",
                "onClick": null,
                "size": null,
                "title": "",
                "type": "",
              },
              "ref": null,
              "rendered": null,
              "type": [Function],
            },
            "type": [Function],
          },
          "type": "div",
        },
        Object {
          "instance": null,
          "key": undefined,
          "nodeType": "host",
          "props": Object {
            "children": <Button
              active={false}
              ariaLabel="close"
              ariaLabelledBy=""
              circle={true}
              className=""
              color=""
              containerLarge={false}
              disabled={false}
              expand={false}
              href=""
              index={null}
              label=""
              large={false}
              loading={false}
              onClick={null}
              removeStyle={false}
              size={44}
              style={Object {}}
              tag="button"
              type="button"
            >
              <Icon
                ariaLabel={null}
                buttonClassName=""
                className=""
                color=""
                description=""
                isAria={true}
                name="cancel_16"
                onClick={null}
                size={null}
                title=""
                type=""
              />
            </Button>,
            "className": "cui-alert__button",
          },
          "ref": null,
          "rendered": Object {
            "instance": null,
            "key": undefined,
            "nodeType": "class",
            "props": Object {
              "active": false,
              "ariaLabel": "close",
              "ariaLabelledBy": "",
              "children": <Icon
                ariaLabel={null}
                buttonClassName=""
                className=""
                color=""
                description=""
                isAria={true}
                name="cancel_16"
                onClick={null}
                size={null}
                title=""
                type=""
              />,
              "circle": true,
              "className": "",
              "color": "",
              "containerLarge": false,
              "disabled": false,
              "expand": false,
              "href": "",
              "index": null,
              "label": "",
              "large": false,
              "loading": false,
              "onClick": null,
              "removeStyle": false,
              "size": 44,
              "style": Object {},
              "tag": "button",
              "type": "button",
            },
            "ref": null,
            "rendered": Object {
              "instance": null,
              "key": undefined,
              "nodeType": "class",
              "props": Object {
                "ariaLabel": null,
                "buttonClassName": "",
                "className": "",
                "color": "",
                "description": "",
                "isAria": true,
                "name": "cancel_16",
                "onClick": null,
                "size": null,
                "title": "",
                "type": "",
              },
              "ref": null,
              "rendered": null,
              "type": [Function],
            },
            "type": [Function],
          },
          "type": "div",
        },
      ],
      "type": "div",
    },
  ],
  Symbol(enzyme.__options__): Object {
    "adapter": ReactFifteenAdapter {
      "options": Object {
        "lifecycles": Object {
          "componentDidUpdate": Object {
            "prevContext": true,
          },
        },
        "supportPrevContextArgumentOfComponentDidUpdate": true,
      },
    },
  },
}
`;
