// Jest Snapshot v1, https://goo.gl/fbAQLP

exports[`tests for <TopbarMobile /> should match SnapShot 1`] = `
ShallowWrapper {
  Symbol(enzyme.__root__): [Circular],
  Symbol(enzyme.__unrendered__): <TopbarMobile
    brandNode={null}
    closeMenuAriaLabel="Close Menu"
    id="test"
    openMenuAriaLabel="Open Menu"
    shouldCloseOnClick={true}
  />,
  Symbol(enzyme.__renderer__): Object {
    "batchedUpdates": [Function],
    "getNode": [Function],
    "render": [Function],
    "simulateError": [Function],
    "simulateEvent": [Function],
    "unmount": [Function],
  },
  Symbol(enzyme.__node__): Object {
    "instance": null,
    "key": undefined,
    "nodeType": "host",
    "props": Object {
      "children": Array [
        <Icon
          aria-pressed={false}
          ariaLabel="Open Menu"
          buttonClassName="cui-top-bar__mobile-menu-button"
          className=""
          color=""
          description=""
          isAria={true}
          name="list-menu_20"
          onClick={[Function]}
          size={null}
          title=""
          type=""
        />,
        <div
          className="cui-top-bar__mobile cui-tb-mobile"
          onClick={[Function]}
          onKeyDown={[Function]}
          role="menu"
          tabIndex={0}
        >
          <Icon
            aria-pressed={false}
            ariaLabel="Close Menu"
            buttonClassName="cui-tb-mobile__close"
            className=""
            color=""
            description=""
            isAria={true}
            name="cancel_20"
            onClick={[Function]}
            size={null}
            title=""
            type=""
          />
          <span
            onClick={[Function]}
            onKeyDown={[Function]}
          />
          <ListSeparator
            className={null}
            lineColor={null}
            margin={null}
            text={null}
            textColor={null}
            textPadding={null}
          />
          <nav
            className="cui-tb-mobile__nav"
          />
        </div>,
        <div
          className="cui-tb-mobile__mask"
          onClick={[Function]}
          role="none"
        />,
      ],
    },
    "ref": null,
    "rendered": Array [
      Object {
        "instance": null,
        "key": undefined,
        "nodeType": "class",
        "props": Object {
          "aria-pressed": false,
          "ariaLabel": "Open Menu",
          "buttonClassName": "cui-top-bar__mobile-menu-button",
          "className": "",
          "color": "",
          "description": "",
          "isAria": true,
          "name": "list-menu_20",
          "onClick": [Function],
          "size": null,
          "title": "",
          "type": "",
        },
        "ref": null,
        "rendered": null,
        "type": [Function],
      },
      Object {
        "instance": null,
        "key": undefined,
        "nodeType": "host",
        "props": Object {
          "children": Array [
            <Icon
              aria-pressed={false}
              ariaLabel="Close Menu"
              buttonClassName="cui-tb-mobile__close"
              className=""
              color=""
              description=""
              isAria={true}
              name="cancel_20"
              onClick={[Function]}
              size={null}
              title=""
              type=""
            />,
            <span
              onClick={[Function]}
              onKeyDown={[Function]}
            />,
            <ListSeparator
              className={null}
              lineColor={null}
              margin={null}
              text={null}
              textColor={null}
              textPadding={null}
            />,
            <nav
              className="cui-tb-mobile__nav"
            />,
          ],
          "className": "cui-top-bar__mobile cui-tb-mobile",
          "onClick": [Function],
          "onKeyDown": [Function],
          "role": "menu",
          "tabIndex": 0,
        },
        "ref": null,
        "rendered": Array [
          Object {
            "instance": null,
            "key": undefined,
            "nodeType": "class",
            "props": Object {
              "aria-pressed": false,
              "ariaLabel": "Close Menu",
              "buttonClassName": "cui-tb-mobile__close",
              "className": "",
              "color": "",
              "description": "",
              "isAria": true,
              "name": "cancel_20",
              "onClick": [Function],
              "size": null,
              "title": "",
              "type": "",
            },
            "ref": null,
            "rendered": null,
            "type": [Function],
          },
          Object {
            "instance": null,
            "key": undefined,
            "nodeType": "host",
            "props": Object {
              "children": null,
              "onClick": [Function],
              "onKeyDown": [Function],
            },
            "ref": null,
            "rendered": null,
            "type": "span",
          },
          Object {
            "instance": null,
            "key": undefined,
            "nodeType": "function",
            "props": Object {
              "children": null,
              "className": null,
              "lineColor": null,
              "margin": null,
              "text": null,
              "textColor": null,
              "textPadding": null,
            },
            "ref": null,
            "rendered": null,
            "type": [Function],
          },
          Object {
            "instance": null,
            "key": undefined,
            "nodeType": "host",
            "props": Object {
              "children": null,
              "className": "cui-tb-mobile__nav",
            },
            "ref": null,
            "rendered": null,
            "type": "nav",
          },
        ],
        "type": "div",
      },
      Object {
        "instance": null,
        "key": undefined,
        "nodeType": "host",
        "props": Object {
          "className": "cui-tb-mobile__mask",
          "onClick": [Function],
          "role": "none",
        },
        "ref": null,
        "rendered": null,
        "type": "div",
      },
    ],
    "type": "div",
  },
  Symbol(enzyme.__nodes__): Array [
    Object {
      "instance": null,
      "key": undefined,
      "nodeType": "host",
      "props": Object {
        "children": Array [
          <Icon
            aria-pressed={false}
            ariaLabel="Open Menu"
            buttonClassName="cui-top-bar__mobile-menu-button"
            className=""
            color=""
            description=""
            isAria={true}
            name="list-menu_20"
            onClick={[Function]}
            size={null}
            title=""
            type=""
          />,
          <div
            className="cui-top-bar__mobile cui-tb-mobile"
            onClick={[Function]}
            onKeyDown={[Function]}
            role="menu"
            tabIndex={0}
          >
            <Icon
              aria-pressed={false}
              ariaLabel="Close Menu"
              buttonClassName="cui-tb-mobile__close"
              className=""
              color=""
              description=""
              isAria={true}
              name="cancel_20"
              onClick={[Function]}
              size={null}
              title=""
              type=""
            />
            <span
              onClick={[Function]}
              onKeyDown={[Function]}
            />
            <ListSeparator
              className={null}
              lineColor={null}
              margin={null}
              text={null}
              textColor={null}
              textPadding={null}
            />
            <nav
              className="cui-tb-mobile__nav"
            />
          </div>,
          <div
            className="cui-tb-mobile__mask"
            onClick={[Function]}
            role="none"
          />,
        ],
      },
      "ref": null,
      "rendered": Array [
        Object {
          "instance": null,
          "key": undefined,
          "nodeType": "class",
          "props": Object {
            "aria-pressed": false,
            "ariaLabel": "Open Menu",
            "buttonClassName": "cui-top-bar__mobile-menu-button",
            "className": "",
            "color": "",
            "description": "",
            "isAria": true,
            "name": "list-menu_20",
            "onClick": [Function],
            "size": null,
            "title": "",
            "type": "",
          },
          "ref": null,
          "rendered": null,
          "type": [Function],
        },
        Object {
          "instance": null,
          "key": undefined,
          "nodeType": "host",
          "props": Object {
            "children": Array [
              <Icon
                aria-pressed={false}
                ariaLabel="Close Menu"
                buttonClassName="cui-tb-mobile__close"
                className=""
                color=""
                description=""
                isAria={true}
                name="cancel_20"
                onClick={[Function]}
                size={null}
                title=""
                type=""
              />,
              <span
                onClick={[Function]}
                onKeyDown={[Function]}
              />,
              <ListSeparator
                className={null}
                lineColor={null}
                margin={null}
                text={null}
                textColor={null}
                textPadding={null}
              />,
              <nav
                className="cui-tb-mobile__nav"
              />,
            ],
            "className": "cui-top-bar__mobile cui-tb-mobile",
            "onClick": [Function],
            "onKeyDown": [Function],
            "role": "menu",
            "tabIndex": 0,
          },
          "ref": null,
          "rendered": Array [
            Object {
              "instance": null,
              "key": undefined,
              "nodeType": "class",
              "props": Object {
                "aria-pressed": false,
                "ariaLabel": "Close Menu",
                "buttonClassName": "cui-tb-mobile__close",
                "className": "",
                "color": "",
                "description": "",
                "isAria": true,
                "name": "cancel_20",
                "onClick": [Function],
                "size": null,
                "title": "",
                "type": "",
              },
              "ref": null,
              "rendered": null,
              "type": [Function],
            },
            Object {
              "instance": null,
              "key": undefined,
              "nodeType": "host",
              "props": Object {
                "children": null,
                "onClick": [Function],
                "onKeyDown": [Function],
              },
              "ref": null,
              "rendered": null,
              "type": "span",
            },
            Object {
              "instance": null,
              "key": undefined,
              "nodeType": "function",
              "props": Object {
                "children": null,
                "className": null,
                "lineColor": null,
                "margin": null,
                "text": null,
                "textColor": null,
                "textPadding": null,
              },
              "ref": null,
              "rendered": null,
              "type": [Function],
            },
            Object {
              "instance": null,
              "key": undefined,
              "nodeType": "host",
              "props": Object {
                "children": null,
                "className": "cui-tb-mobile__nav",
              },
              "ref": null,
              "rendered": null,
              "type": "nav",
            },
          ],
          "type": "div",
        },
        Object {
          "instance": null,
          "key": undefined,
          "nodeType": "host",
          "props": Object {
            "className": "cui-tb-mobile__mask",
            "onClick": [Function],
            "role": "none",
          },
          "ref": null,
          "rendered": null,
          "type": "div",
        },
      ],
      "type": "div",
    },
  ],
  Symbol(enzyme.__options__): Object {
    "adapter": ReactSixteenAdapter {
      "options": Object {
        "enableComponentDidUpdateOnSetState": true,
        "lifecycles": Object {
          "componentDidUpdate": Object {
            "onSetState": true,
          },
          "getDerivedStateFromProps": true,
          "getSnapshotBeforeUpdate": true,
          "setState": Object {
            "skipsComponentDidUpdateOnNullish": true,
          },
        },
      },
    },
    "attachTo": undefined,
    "hydrateIn": undefined,
  },
}
`;
