// Jest Snapshot v1, https://goo.gl/fbAQLP

exports[`tests for <SearchInput /> should match normal SnapShot 1`] = `
ShallowWrapper {
  "length": 1,
  Symbol(enzyme.__root__): [Circular],
  Symbol(enzyme.__unrendered__): <SearchInput
    id="1"
    name="test"
    type="normal"
  />,
  Symbol(enzyme.__renderer__): Object {
    "batchedUpdates": [Function],
    "getNode": [Function],
    "render": [Function],
    "simulateEvent": [Function],
    "unmount": [Function],
  },
  Symbol(enzyme.__node__): Object {
    "instance": null,
    "key": undefined,
    "nodeType": "class",
    "props": Object {
      "children": <Icon
        className=""
        color=""
        isAria={false}
        isClickable={false}
        name="search_20"
        type=""
      />,
      "className": "cui-search-input",
      "clear": false,
      "clearAriaLabel": null,
      "defaultValue": "",
      "disabled": false,
      "errorArr": Array [],
      "id": "1",
      "inputClassName": "",
      "inputHelpText": "",
      "inputRef": null,
      "inputSize": "",
      "label": "",
      "name": "test",
      "nestedLevel": 0,
      "onChange": null,
      "onDoneEditing": null,
      "onFocus": null,
      "onKeyDown": null,
      "onMouseDown": null,
      "placeholder": "",
      "readOnly": false,
      "secondaryLabel": "",
      "type": "text",
      "value": "",
    },
    "ref": null,
    "rendered": Object {
      "instance": null,
      "key": undefined,
      "nodeType": "function",
      "props": Object {
        "className": "",
        "color": "",
        "isAria": false,
        "isClickable": false,
        "name": "search_20",
        "type": "",
      },
      "ref": null,
      "rendered": null,
      "type": [Function],
    },
    "type": [Function],
  },
  Symbol(enzyme.__nodes__): Array [
    Object {
      "instance": null,
      "key": undefined,
      "nodeType": "class",
      "props": Object {
        "children": <Icon
          className=""
          color=""
          isAria={false}
          isClickable={false}
          name="search_20"
          type=""
        />,
        "className": "cui-search-input",
        "clear": false,
        "clearAriaLabel": null,
        "defaultValue": "",
        "disabled": false,
        "errorArr": Array [],
        "id": "1",
        "inputClassName": "",
        "inputHelpText": "",
        "inputRef": null,
        "inputSize": "",
        "label": "",
        "name": "test",
        "nestedLevel": 0,
        "onChange": null,
        "onDoneEditing": null,
        "onFocus": null,
        "onKeyDown": null,
        "onMouseDown": null,
        "placeholder": "",
        "readOnly": false,
        "secondaryLabel": "",
        "type": "text",
        "value": "",
      },
      "ref": null,
      "rendered": Object {
        "instance": null,
        "key": undefined,
        "nodeType": "function",
        "props": Object {
          "className": "",
          "color": "",
          "isAria": false,
          "isClickable": false,
          "name": "search_20",
          "type": "",
        },
        "ref": null,
        "rendered": null,
        "type": [Function],
      },
      "type": [Function],
    },
  ],
  Symbol(enzyme.__options__): Object {
    "adapter": ReactFifteenAdapter {
      "options": Object {
        "supportPrevContextArgumentOfComponentDidUpdate": true,
      },
    },
  },
}
`;

exports[`tests for <SearchInput /> should match pill SnapShot 1`] = `
ShallowWrapper {
  "length": 1,
  Symbol(enzyme.__root__): [Circular],
  Symbol(enzyme.__unrendered__): <SearchInput
    id="1"
    name="test"
    type="pill"
  />,
  Symbol(enzyme.__renderer__): Object {
    "batchedUpdates": [Function],
    "getNode": [Function],
    "render": [Function],
    "simulateEvent": [Function],
    "unmount": [Function],
  },
  Symbol(enzyme.__node__): Object {
    "instance": null,
    "key": undefined,
    "nodeType": "class",
    "props": Object {
      "children": <Icon
        className=""
        color=""
        isAria={false}
        isClickable={false}
        name="search_16"
        type=""
      />,
      "className": "cui-search-input--pill",
      "clear": false,
      "clearAriaLabel": null,
      "defaultValue": "",
      "disabled": false,
      "errorArr": Array [],
      "id": "1",
      "inputClassName": "",
      "inputHelpText": "",
      "inputRef": null,
      "inputSize": "",
      "label": "",
      "name": "test",
      "nestedLevel": 0,
      "onChange": null,
      "onDoneEditing": null,
      "onFocus": null,
      "onKeyDown": null,
      "onMouseDown": null,
      "placeholder": "",
      "readOnly": false,
      "secondaryLabel": "",
      "type": "text",
      "value": "",
    },
    "ref": null,
    "rendered": Object {
      "instance": null,
      "key": undefined,
      "nodeType": "function",
      "props": Object {
        "className": "",
        "color": "",
        "isAria": false,
        "isClickable": false,
        "name": "search_16",
        "type": "",
      },
      "ref": null,
      "rendered": null,
      "type": [Function],
    },
    "type": [Function],
  },
  Symbol(enzyme.__nodes__): Array [
    Object {
      "instance": null,
      "key": undefined,
      "nodeType": "class",
      "props": Object {
        "children": <Icon
          className=""
          color=""
          isAria={false}
          isClickable={false}
          name="search_16"
          type=""
        />,
        "className": "cui-search-input--pill",
        "clear": false,
        "clearAriaLabel": null,
        "defaultValue": "",
        "disabled": false,
        "errorArr": Array [],
        "id": "1",
        "inputClassName": "",
        "inputHelpText": "",
        "inputRef": null,
        "inputSize": "",
        "label": "",
        "name": "test",
        "nestedLevel": 0,
        "onChange": null,
        "onDoneEditing": null,
        "onFocus": null,
        "onKeyDown": null,
        "onMouseDown": null,
        "placeholder": "",
        "readOnly": false,
        "secondaryLabel": "",
        "type": "text",
        "value": "",
      },
      "ref": null,
      "rendered": Object {
        "instance": null,
        "key": undefined,
        "nodeType": "function",
        "props": Object {
          "className": "",
          "color": "",
          "isAria": false,
          "isClickable": false,
          "name": "search_16",
          "type": "",
        },
        "ref": null,
        "rendered": null,
        "type": [Function],
      },
      "type": [Function],
    },
  ],
  Symbol(enzyme.__options__): Object {
    "adapter": ReactFifteenAdapter {
      "options": Object {
        "supportPrevContextArgumentOfComponentDidUpdate": true,
      },
    },
  },
}
`;
